error TS5025: Unknown compiler option '--noIncremental'. Did you mean 'incremental'?
